
> temp_app@0.1.0 build
> next build

node.exe : ÔÜá Warning: 
Next.js inferred your 
workspace root, but it 
may not be correct.
At line:1 char:1
+ & "C:\Program 
Files\nodejs/node.exe" 
"C:\Program 
Files\nodejs/node_mo ...
+ ~~~~~~~~~~~~~~~~~~~~~~~~
~~~~~~~~~~~~~~~~~~~~~~~~~~
~~~~~~~~~~~~~~~~~~~
    + CategoryInfo        
      : NotSpecified: (Ô  
  Üá Warning: Ne...not    
 be correct.:String) [    
], RemoteException
    + FullyQualifiedError 
   Id : NativeCommandErr  
  or
 
 We detected multiple 
lockfiles and selected 
the directory of C:\Users\
Dell\package-lock.json as 
the root directory.
 To silence this warning, 
set `turbopack.root` in 
your Next.js config, or 
consider removing one of 
the lockfiles if it's not 
needed.
   See https://nextjs.org/
docs/app/api-reference/con
fig/next-config-js/turbopa
ck#root-directory for 
more information.
 Detected additional 
lockfiles: 
   * C:\Users\Dell\OneDriv
e\Desktop\ai-resume-builde
r\package-lock.json
   * C:\Users\Dell\OneDriv
e\Desktop\package-lock.jso
n

Ôû▓ Next.js 16.2.2 (Turbopack)
- Environments: .env.local

  Creating an optimized production build ...
Found 1 warning while 
optimizing generated CSS:

[2mÔöé   }[22m
[2mÔöé }[22m
[2mÔöé[22m @import url('
https://fonts.googleapis.c
om/css2?family=Inter:wght@
300;400;500;600;700;800;90
0&display=swap');
[2mÔöå[22m        
[33m[2m^--[22m @import 
rules must precede all 
rules aside from @charset 
and @layer statements[39m
[2mÔöå[22m
[2mÔöé :root {[22m
[2mÔöé   --background: 
#f8f9ff;[22m

Ô£ô Compiled successfully in 3.7s
  Running TypeScript ...
  Finished TypeScript in 2.9s ...
  Collecting page data using 7 workers ...
  Generating static pages using 7 workers (0/7) ...
  Generating static pages using 7 workers (1/7) 
  Generating static pages using 7 workers (3/7) 
  Generating static pages using 7 workers (5/7) 
Ô£ô Generating static pages using 7 workers (7/7) in 301ms
  Finalizing page optimization ...

Route (app)
Ôöî Ôùï /
Ôö£ Ôùï /_not-found
Ôö£ ãÆ /api/ai/critique
Ôö£ ãÆ /api/ai/generate
Ôö£ ãÆ /share/[id]
Ôöö Ôùï /test


Ôùï  (Static)   prerendered as static content
ãÆ  (Dynamic)  server-rendered on demand

